// Jest Snapshot v1, https://goo.gl/fbAQLP

exports[`Testing Book Info Tabs should match the Book Info Tabs snapshot 1`] = `
<div>
  <div
    class="MuiBox-root css-o64vlo"
  >
    <div
      class="MuiBox-root css-1gsv261"
    >
      <div
        class="MuiTabs-root css-443yoj-MuiTabs-root"
      >
        <div
          class="MuiTabs-scroller MuiTabs-fixed css-jpln7h-MuiTabs-scroller"
          style="overflow: hidden; margin-bottom: 0px;"
        >
          <div
            aria-label="basic tabs example"
            class="MuiTabs-flexContainer css-heg063-MuiTabs-flexContainer"
            role="tablist"
          >
            <button
              aria-controls="simple-tabpanel-0"
              aria-selected="true"
              class="MuiButtonBase-root MuiTab-root MuiTab-textColorPrimary Mui-selected css-1h9z7r5-MuiButtonBase-root-MuiTab-root"
              id="simple-tab-0"
              role="tab"
              tabindex="0"
              type="button"
            >
              Synopsis
              <span
                class="MuiTouchRipple-root css-8je8zh-MuiTouchRipple-root"
              />
            </button>
            <button
              aria-controls="simple-tabpanel-1"
              aria-selected="false"
              class="MuiButtonBase-root MuiTab-root MuiTab-textColorPrimary css-1h9z7r5-MuiButtonBase-root-MuiTab-root"
              id="simple-tab-1"
              role="tab"
              tabindex="-1"
              type="button"
            >
              Who is it for?
              <span
                class="MuiTouchRipple-root css-8je8zh-MuiTouchRipple-root"
              />
            </button>
            <button
              aria-controls="simple-tabpanel-2"
              aria-selected="false"
              class="MuiButtonBase-root MuiTab-root MuiTab-textColorPrimary css-1h9z7r5-MuiButtonBase-root-MuiTab-root"
              id="simple-tab-2"
              role="tab"
              tabindex="-1"
              type="button"
            >
              About the author
              <span
                class="MuiTouchRipple-root css-8je8zh-MuiTouchRipple-root"
              />
            </button>
          </div>
          <span
            class="MuiTabs-indicator css-1aquho2-MuiTabs-indicator"
            style="left: 0px; width: 0px;"
          />
        </div>
      </div>
    </div>
    <div
      aria-labelledby="simple-tab-0"
      id="simple-tabpanel-0"
      role="tabpanel"
    >
      <div
        class="MuiBox-root css-pxpt32"
      >
        <p
          class="MuiTypography-root MuiTypography-body2 css-1amsg4u-MuiTypography-root"
        >
          Beyond Entrepreneurship 2.0 (2020) updates Jim Collins and Bill Lazier’s essential 1992 business handbook, Beyond Entrepreneurship for the entrepreneurs, visionaries, and innovators of today. This new edition combines the timeless business advice and strategy of the original text, supplemented with cutting-edge insights and case studies pertinent to today’s business world.
        </p>
      </div>
    </div>
    <div
      aria-labelledby="simple-tab-1"
      hidden=""
      id="simple-tabpanel-1"
      role="tabpanel"
    />
    <div
      aria-labelledby="simple-tab-2"
      hidden=""
      id="simple-tabpanel-2"
      role="tabpanel"
    />
  </div>
</div>
`;
