// Jest Snapshot v1, https://goo.gl/fbAQLP

exports[`Testing Icon Button Atom should match the default snapshot 1`] = `
<div>
  <div>
    <button
      aria-label="search button"
      class="MuiButtonBase-root MuiIconButton-root MuiIconButton-sizeMedium css-78trlr-MuiButtonBase-root-MuiIconButton-root"
      tabindex="0"
      type="button"
    >
      <svg
        aria-hidden="true"
        class="MuiSvgIcon-root MuiSvgIcon-fontSizeMedium css-lw6gi8-MuiSvgIcon-root"
        focusable="false"
      >
        Vector.svg
      </svg>
      <span
        class="MuiTouchRipple-root css-8je8zh-MuiTouchRipple-root"
      />
    </button>
  </div>
</div>
`;
